[0.019s][info][gc] Using Serial
[2.420s][info][gc] GC(0) Pause Young (Allocation Failure) 4M->2M(15M) 9.962ms
[2.632s][info][gc] GC(1) Pause Young (Allocation Failure) 6M->2M(15M) 6.280ms
[2.802s][info][gc] GC(2) Pause Young (Allocation Failure) 7M->4M(15M) 7.964ms
[3.208s][info][gc] GC(3) Pause Young (Allocation Failure) 8M->4M(15M) 5.607ms
[3.593s][info][gc] GC(4) Pause Young (Allocation Failure) 8M->5M(15M) 7.251ms
[27.688s][info][gc] GC(5) Pause Young (Allocation Failure) 9M->5M(15M) 5.173ms
[32.720s][info][gc] GC(6) Pause Young (Allocation Failure) 9M->5M(15M) 2.323ms
[32.734s][info][gc] GC(7) Pause Young (Allocation Failure) 9M->5M(15M) 1.664ms
[32.749s][info][gc] GC(8) Pause Young (Allocation Failure) 9M->5M(15M) 2.155ms
[32.768s][info][gc] GC(9) Pause Young (Allocation Failure) 9M->5M(15M) 1.683ms
[32.783s][info][gc] GC(10) Pause Young (Allocation Failure) 9M->5M(15M) 1.986ms
[32.797s][info][gc] GC(11) Pause Young (Allocation Failure) 9M->5M(15M) 1.612ms
[32.810s][info][gc] GC(12) Pause Young (Allocation Failure) 9M->5M(15M) 1.839ms
[32.817s][info][gc] GC(13) Pause Young (Allocation Failure) 10M->5M(15M) 1.829ms
[32.822s][info][gc] GC(14) Pause Young (Allocation Failure) 9M->5M(15M) 0.617ms
[32.828s][info][gc] GC(15) Pause Young (Allocation Failure) 9M->5M(15M) 1.039ms
[46.658s][info][gc] GC(16) Pause Young (Allocation Failure) 10M->5M(15M) 1.055ms
[87.742s][info][gc] GC(17) Pause Young (Allocation Failure) 10M->5M(15M) 1.132ms
[92.282s][info][gc] GC(18) Pause Young (Allocation Failure) 10M->5M(15M) 1.157ms
[92.289s][info][gc] GC(19) Pause Young (Allocation Failure) 10M->5M(15M) 1.018ms
[92.294s][info][gc] GC(20) Pause Young (Allocation Failure) 9M->5M(15M) 0.865ms
[92.301s][info][gc] GC(21) Pause Young (Allocation Failure) 9M->5M(15M) 1.141ms
[92.306s][info][gc] GC(22) Pause Young (Allocation Failure) 9M->5M(15M) 1.103ms
[92.312s][info][gc] GC(23) Pause Young (Allocation Failure) 10M->5M(15M) 1.060ms
[92.318s][info][gc] GC(24) Pause Young (Allocation Failure) 9M->5M(15M) 0.927ms
[92.323s][info][gc] GC(25) Pause Young (Allocation Failure) 9M->5M(15M) 1.253ms
[92.330s][info][gc] GC(26) Pause Young (Allocation Failure) 10M->5M(15M) 1.443ms
[92.336s][info][gc] GC(27) Pause Young (Allocation Failure) 9M->5M(15M) 1.001ms
[115.765s][info][gc] GC(28) Pause Young (Allocation Failure) 9M->5M(15M) 1.228ms
