[0.023s][info][gc] Using Serial
[5.929s][info][gc] GC(0) Pause Young (Allocation Failure) 4M->2M(15M) 8.190ms
[6.144s][info][gc] GC(1) Pause Young (Allocation Failure) 6M->2M(15M) 6.420ms
[6.394s][info][gc] GC(2) Pause Young (Allocation Failure) 7M->4M(15M) 6.891ms
[6.758s][info][gc] GC(3) Pause Young (Allocation Failure) 8M->4M(15M) 4.405ms
[7.215s][info][gc] GC(4) Pause Young (Allocation Failure) 8M->5M(15M) 7.447ms
[31.341s][info][gc] GC(5) Pause Young (Allocation Failure) 9M->5M(15M) 4.101ms
[72.357s][info][gc] GC(6) Pause Young (Allocation Failure) 9M->5M(15M) 1.751ms
[78.037s][info][gc] GC(7) Pause Young (Allocation Failure) 9M->8M(15M) 13.050ms
[78.103s][info][gc] GC(8) Pause Young (Allocation Failure) 13M->15M(15M) 25.472ms
[78.158s][info][gc] GC(9) Pause Full (Allocation Failure) 15M->11M(15M) 52.569ms
[78.260s][info][gc] GC(10) Pause Full (Allocation Failure) 15M->8M(15M) 42.399ms
[78.294s][info][gc] GC(11) Pause Young (Allocation Failure) 13M->13M(15M) 0.071ms
[78.330s][info][gc] GC(12) Pause Full (Allocation Failure) 13M->8M(15M) 36.384ms
[102.544s][info][gc] GC(13) Pause Young (Allocation Failure) 13M->13M(15M) 0.104ms
[102.586s][info][gc] GC(14) Pause Full (Allocation Failure) 13M->5M(15M) 41.996ms
[143.093s][info][gc] GC(15) Pause Young (Allocation Failure) 9M->5M(15M) 1.344ms
[143.129s][info][gc] GC(16) Pause Young (Allocation Failure) 9M->9M(15M) 8.845ms
[143.156s][info][gc] GC(17) Pause Young (Allocation Failure) 13M->13M(15M) 0.078ms
[143.207s][info][gc] GC(18) Pause Full (Allocation Failure) 13M->11M(15M) 51.216ms
[143.279s][info][gc] GC(19) Pause Full (Allocation Failure) 15M->8M(15M) 36.445ms
[143.308s][info][gc] GC(20) Pause Young (Allocation Failure) 12M->12M(15M) 0.078ms
[143.346s][info][gc] GC(21) Pause Full (Allocation Failure) 12M->8M(15M) 37.533ms
[172.856s][info][gc] GC(22) Pause Young (Allocation Failure) 12M->12M(15M) 0.060ms
[172.885s][info][gc] GC(23) Pause Full (Allocation Failure) 12M->4M(15M) 28.293ms
[216.028s][info][gc] GC(24) Pause Young (Allocation Failure) 9M->4M(15M) 1.112ms
[258.929s][info][gc] GC(25) Pause Young (Allocation Failure) 9M->4M(15M) 0.655ms
[302.197s][info][gc] GC(26) Pause Young (Allocation Failure) 9M->4M(15M) 0.927ms
